# vim: ft=yaml
command: '/usr/bin/env sudo find /sys/fs/cgroup/memory/ -printf "\n%p\n" -exec cat {} 2>/dev/null \;'

values:
  9ffff877e5c702dde9583ff8f0d5cdc2a01bbb26fef7ac23e7140fd6f88fb69f:
    usage: 99328000
