# vim: ft=python
{
    "events": [],
    "values": {
        "5f5afa6b219d4d7d65e1434dddcba97bb2798208e317521619d418914beb956f": {
            "bytes_total": 270663680,
            "bytes_read": 56762368,
            "bytes_write": 213901312,
            "io_total": 55348,
            "io_read": 2795,
            "io_write": 52553,
        },
    },
}
