# vim: ft=python
{
    "events": [],
    "values": {
        "5f5afa6b219d4d7d65e1434dddcba97bb2798208e317521619d418914beb956f": {
            "usage": 4989,
            "usage_user": 2414,
            "usage_system": 1413,
            "processes": 8,
        },
    },
}
