# vim: ft=python
{
    "events": [],
    "values": {
        "5f5afa6b219d4d7d65e1434dddcba97bb2798208e317521619d418914beb956f": {
            "usage": 460378112,
        },
    },
}
